// Jest Snapshot v1, https://goo.gl/fbAQLP

exports[`Pruebas en <AddCategory /> debe de mostrarse correctamente 1`] = `
<Fragment>
  <form
    className=""
    onSubmit={[Function]}
  >
    <input
      onChange={[Function]}
      placeholder="Buscar Gif"
      type="text"
      value=""
    />
  </form>
</Fragment>
`;
